d:\projects\mfcserver\mfcserver\x64\debug\mfcserver.pch
d:\projects\mfcserver\mfcserver\x64\debug\vc145.pdb
d:\projects\mfcserver\mfcserver\x64\debug\vc145.idb
d:\projects\mfcserver\mfcserver\x64\debug\pch.obj
d:\projects\mfcserver\mfcserver\x64\debug\mfcserverdlg.obj
d:\projects\mfcserver\mfcserver\x64\debug\mfcserver.obj
d:\projects\mfcserver\mfcserver\x64\debug\cmyserversocket.obj
d:\projects\mfcserver\mfcserver\x64\debug\cmyclientsocket.obj
d:\projects\mfcserver\x64\debug\mfcserver.exe
d:\projects\mfcserver\x64\debug\mfcserver.pdb
d:\projects\mfcserver\mfcserver\x64\debug\mfcserver.res
d:\projects\mfcserver\mfcserver\x64\debug\mfcserver.ilk
d:\projects\mfcserver\mfcserver\x64\debug\mfcserver.tlog\cl.command.1.tlog
d:\projects\mfcserver\mfcserver\x64\debug\mfcserver.tlog\cl.items.tlog
d:\projects\mfcserver\mfcserver\x64\debug\mfcserver.tlog\cl.read.1.tlog
d:\projects\mfcserver\mfcserver\x64\debug\mfcserver.tlog\cl.write.1.tlog
d:\projects\mfcserver\mfcserver\x64\debug\mfcserver.tlog\link.command.1.tlog
d:\projects\mfcserver\mfcserver\x64\debug\mfcserver.tlog\link.read.1.tlog
d:\projects\mfcserver\mfcserver\x64\debug\mfcserver.tlog\link.secondary.1.tlog
d:\projects\mfcserver\mfcserver\x64\debug\mfcserver.tlog\link.write.1.tlog
d:\projects\mfcserver\mfcserver\x64\debug\mfcserver.tlog\rc.command.1.tlog
d:\projects\mfcserver\mfcserver\x64\debug\mfcserver.tlog\rc.read.1.tlog
d:\projects\mfcserver\mfcserver\x64\debug\mfcserver.tlog\rc.write.1.tlog
